// Jest Snapshot v1, https://goo.gl/fbAQLP

exports[`Component snapshot 1`] = `
<View
  style={
    Object {
      "marginTop": 4,
    }
  }
>
  <RCTScrollView
    collapsable={false}
    getItem={[Function]}
    getItemCount={[Function]}
    handlerTag={1}
    handlerType="NativeViewGestureHandler"
    keyExtractor={[Function]}
    onContentSizeChange={[Function]}
    onGestureHandlerEvent={[Function]}
    onGestureHandlerStateChange={[Function]}
    onLayout={[Function]}
    onMomentumScrollBegin={[Function]}
    onMomentumScrollEnd={[Function]}
    onScroll={[Function]}
    onScrollBeginDrag={[Function]}
    onScrollEndDrag={[Function]}
    removeClippedSubviews={false}
    renderItem={[Function]}
    renderScrollComponent={[Function]}
    scrollEventThrottle={50}
    stickyHeaderIndices={Array []}
    viewabilityConfigCallbackPairs={Array []}
    waitFor={
      Array [
        Object {
          "current": null,
        },
        Object {
          "current": null,
        },
      ]
    }
  >
    <View />
  </RCTScrollView>
</View>
`;
